# IP Ownership / Licensing Policy Engine — Benchmark Report

Corpus size: **76** cases across 84 drafting-pattern tags. Adapter #8 — see ip_ownership_policy_engine.py module docstring.

## Headline safety metric

**False-safe rate: 0 / 76 (0.0%)**

Zero false-safe cases in this run.

## False-escalation

**False-escalation rate: 0 / 76 (0.0%)**

Zero false-escalation cases in this run.

## Metrics

| Metric | Result | Scored on |
|---|---|---|
| Provision detection | 100.0% | 76 (all cases) |
| Policy-state accuracy | 100.0% | 76 (all cases) |
| Ambiguity (REQUIRES_REVIEW) recall | 100.0% | 14 |
| False-safe rate | 0.0% | 76 (all cases) |
| False-escalation rate | 0.0% | 76 (all cases) |
| Determinism (5x repeat) | 100.0% | 76 (all cases) |

## Release gate check

- PASS — False-safe = 0 (actual: 0)
- PASS — False-escalation = 0 (actual: 0)
- PASS — Determinism = 100% (actual: 100.0%)
- PASS — Policy-state accuracy > 95% (actual: 100.0%)

## Failures by drafting pattern

None.

